" map
  vmap <C-c> "+y
  map <C-a> ggVG
  cnoremap %% <C-R>=expand('%:h').'/'<cr>
  map <C-B>        "+gP
  imap <C-B>      <esc>"+gP

  map <leader>ew :e %%
  map <leader>es :sp %%
  map <leader>ev :vsp %%
  map <leader>et :tabe %%
  map <leader>zf zf%

  inoremap <C-s> <ESC>:w<CR>
  nnoremap <C-s> :w<CR>

  set hidden

  map <C-m> :tabnew<cr>

  map <C-j> <C-W>j
  map <C-k> <C-W>k
  map <C-h> <C-W>h
  map <C-l> <C-W>l

  " map <F6> :!ctags -R --languages=-javascript --exclude=.git --exclude=log --fields=+iaS --extra=+q . `rvm gemdir`/gems<CR>

  nnoremap <F2> :set invpaste paste?<CR>
  set pastetoggle=<F2>
  au InsertLeave * set nopaste

  nmap <silent> ,/ :nohlsearch<CR>

  " :nmap <silent> <Leader>ig <Plug>IndentGuidesToggle

  " Wrapped lines goes down/up to next row, rather than next line in file.
    nnoremap j gj
    nnoremap k gk

  " map <F9> :set tags=~/.rvm/gems/ruby-1.9.3-p194/gems/tags,./tags<cr>
  map <F12> :1,%s/\s\+\(\%#\)\@!$//g<cr>

  map <leader>mp :set matchpairs=<cr>

  " tab config
  map tn :tabnext<CR>
  map tp :tabprev<CR>
  map tc :tabclose<CR>

  map <leader>bd :MBEbd<cr>
  map <leader>bp :MBEbp<cr>
  map <leader>bn :MBEbn<cr>
  map <leader>mbt :MBEToggle<cr>
  map <leader>f :MBEFocus<cr>

  " Highlight word at cursor without changing position
  nnoremap <leader>h *<C-O>
